DROP VIEW demo_upgrade_view
GO

DROP TABLE demo_upgrade_t1
GO

DROP VIEW demo_upgrade_view2
GO

DROP TABLE demo_collation
GO

DROP TYPE demo_type
GO
