Could not find dependencies on
Collation sys.arabic_ci_ai
Collation sys.arabic_ci_as
Collation sys.arabic_cs_as
Collation sys.bbf_unicode_bin2
Collation sys.bbf_unicode_cp1250_ci_ai
Collation sys.bbf_unicode_cp1250_ci_as
Collation sys.bbf_unicode_cp1250_cs_ai
Collation sys.bbf_unicode_cp1250_cs_as
Collation sys.bbf_unicode_cp1251_ci_ai
Collation sys.bbf_unicode_cp1251_ci_as
Collation sys.bbf_unicode_cp1251_cs_ai
Collation sys.bbf_unicode_cp1251_cs_as
Collation sys.bbf_unicode_cp1253_ci_ai
Collation sys.bbf_unicode_cp1253_ci_as
Collation sys.bbf_unicode_cp1253_cs_ai
Collation sys.bbf_unicode_cp1253_cs_as
Collation sys.bbf_unicode_cp1254_ci_ai
Collation sys.bbf_unicode_cp1254_ci_as
Collation sys.bbf_unicode_cp1254_cs_ai
Collation sys.bbf_unicode_cp1254_cs_as
Collation sys.bbf_unicode_cp1255_ci_ai
Collation sys.bbf_unicode_cp1255_ci_as
Collation sys.bbf_unicode_cp1255_cs_ai
Collation sys.bbf_unicode_cp1255_cs_as
Collation sys.bbf_unicode_cp1256_ci_ai
Collation sys.bbf_unicode_cp1256_ci_as
Collation sys.bbf_unicode_cp1256_cs_ai
Collation sys.bbf_unicode_cp1256_cs_as
Collation sys.bbf_unicode_cp1257_ci_ai
Collation sys.bbf_unicode_cp1257_ci_as
Collation sys.bbf_unicode_cp1257_cs_ai
Collation sys.bbf_unicode_cp1257_cs_as
Collation sys.bbf_unicode_cp1258_ci_ai
Collation sys.bbf_unicode_cp1258_ci_as
Collation sys.bbf_unicode_cp1258_cs_ai
Collation sys.bbf_unicode_cp1258_cs_as
Collation sys.bbf_unicode_cp1_ci_ai
Collation sys.bbf_unicode_cp1_cs_ai
Collation sys.bbf_unicode_cp1_cs_as
Collation sys.bbf_unicode_cp874_ci_ai
Collation sys.bbf_unicode_cp874_ci_as
Collation sys.bbf_unicode_cp874_cs_ai
Collation sys.bbf_unicode_cp874_cs_as
Collation sys.bbf_unicode_general_ci_ai
Collation sys.bbf_unicode_general_ci_as
Collation sys.bbf_unicode_general_cs_ai
Collation sys.bbf_unicode_general_cs_as
Collation sys.bbf_unicode_general_pref_cs_as
Collation sys.bbf_unicode_pref_cp1250_cs_as
Collation sys.bbf_unicode_pref_cp1251_cs_as
Collation sys.bbf_unicode_pref_cp1253_cs_as
Collation sys.bbf_unicode_pref_cp1254_cs_as
Collation sys.bbf_unicode_pref_cp1255_cs_as
Collation sys.bbf_unicode_pref_cp1256_cs_as
Collation sys.bbf_unicode_pref_cp1257_cs_as
Collation sys.bbf_unicode_pref_cp1258_cs_as
Collation sys.bbf_unicode_pref_cp1_cs_as
Collation sys.bbf_unicode_pref_cp874_cs_as
Collation sys.chinese_prc_ci_ai
Collation sys.chinese_prc_ci_as
Collation sys.chinese_prc_cs_as
Collation sys.cyrillic_general_ci_ai
Collation sys.cyrillic_general_ci_as
Collation sys.cyrillic_general_cs_as
Collation sys.estonian_ci_ai
Collation sys.estonian_ci_as
Collation sys.estonian_cs_as
Collation sys.finnish_swedish_ci_ai
Collation sys.finnish_swedish_ci_as
Collation sys.finnish_swedish_cs_as
Collation sys.french_ci_ai
Collation sys.french_ci_as
Collation sys.french_cs_as
Collation sys.greek_ci_ai
Collation sys.greek_ci_as
Collation sys.greek_cs_as
Collation sys.hebrew_ci_ai
Collation sys.hebrew_ci_as
Collation sys.hebrew_cs_as
Collation sys.korean_wansung_ci_ai
Collation sys.korean_wansung_ci_as
Collation sys.korean_wansung_cs_as
Collation sys.modern_spanish_ci_ai
Collation sys.modern_spanish_ci_as
Collation sys.modern_spanish_cs_as
Collation sys.mongolian_ci_ai
Collation sys.mongolian_ci_as
Collation sys.mongolian_cs_as
Collation sys.polish_ci_ai
Collation sys.polish_ci_as
Collation sys.polish_cs_as
Collation sys.thai_ci_ai
Collation sys.thai_ci_as
Collation sys.thai_cs_as
Collation sys.traditional_spanish_ci_ai
Collation sys.traditional_spanish_ci_as
Collation sys.traditional_spanish_cs_as
Collation sys.turkish_ci_ai
Collation sys.turkish_ci_as
Collation sys.turkish_cs_as
Collation sys.ukrainian_ci_ai
Collation sys.ukrainian_ci_as
Collation sys.ukrainian_cs_as
Collation sys.vietnamese_ci_ai
Collation sys.vietnamese_ci_as
Collation sys.vietnamese_cs_as
Function sys."char"(integer)
Function sys."decimal"(sys."nchar",integer,boolean)
Function sys."isnull"(bigint,bigint)
Function sys."isnull"(boolean,boolean)
Function sys."isnull"(date,date)
Function sys."isnull"(double precision,double precision)
Function sys."isnull"(integer,integer)
Function sys."isnull"(numeric,numeric)
Function sys."isnull"(real,real)
Function sys."isnull"(smallint,smallint)
Function sys."isnull"(text,text)
Function sys."isnull"(timestamp with time zone,timestamp with time zone)
Function sys."isnull"(timestamp without time zone,timestamp without time zone)
Function sys."nchar"(integer)
Function sys."nchar"(sys.varbinary)
Function sys._round_fixeddecimal_to_int2(sys.fixeddecimal)
Function sys._round_fixeddecimal_to_int4(sys.fixeddecimal)
Function sys._round_fixeddecimal_to_int8(sys.fixeddecimal)
Function sys._trunc_numeric_to_int2(numeric)
Function sys._trunc_numeric_to_int4(numeric)
Function sys._trunc_numeric_to_int8(numeric)
Function sys.abs(sys.fixeddecimal)
Function sys.applock_mode(character varying,character varying,character varying)
Function sys.applock_test(character varying,character varying,character varying,character varying)
Function sys.assemblyproperty(character varying,character varying)
Function sys.babelfish_cast_floor_bigint(anyelement)
Function sys.babelfish_cast_floor_bigint(text)
Function sys.babelfish_cast_floor_int(anyelement)
Function sys.babelfish_cast_floor_int(text)
Function sys.babelfish_cast_floor_smallint(anyelement)
Function sys.babelfish_cast_floor_smallint(text)
Function sys.babelfish_collation_list()
Function sys.babelfish_conv_date_to_string(text,date,numeric)
Function sys.babelfish_conv_datetime_to_string(text,text,timestamp without time zone,numeric)
Function sys.babelfish_conv_greg_to_hijri(date)
Function sys.babelfish_conv_greg_to_hijri(numeric,numeric,numeric)
Function sys.babelfish_conv_greg_to_hijri(text,text,text)
Function sys.babelfish_conv_greg_to_hijri(timestamp without time zone)
Function sys.babelfish_conv_helper_to_date(anyelement,boolean,numeric)
Function sys.babelfish_conv_helper_to_date(text,boolean,numeric)
Function sys.babelfish_conv_helper_to_datetime(anyelement,boolean,numeric)
Function sys.babelfish_conv_helper_to_datetime(text,boolean,numeric)
Function sys.babelfish_conv_helper_to_time(anyelement,boolean,numeric)
Function sys.babelfish_conv_helper_to_time(text,boolean,numeric)
Function sys.babelfish_conv_helper_to_varchar(text,anyelement,boolean,numeric)
Function sys.babelfish_conv_helper_to_varchar(text,text,boolean,numeric)
Function sys.babelfish_conv_hijri_to_greg(date)
Function sys.babelfish_conv_hijri_to_greg(numeric,numeric,numeric)
Function sys.babelfish_conv_hijri_to_greg(text,text,text)
Function sys.babelfish_conv_hijri_to_greg(timestamp without time zone)
Function sys.babelfish_conv_string_to_date(text,numeric)
Function sys.babelfish_conv_string_to_datetime(text,text,numeric)
Function sys.babelfish_conv_string_to_time(text,text,numeric)
Function sys.babelfish_conv_time_to_string(text,text,time without time zone,numeric)
Function sys.babelfish_conv_to_varchar(text,anyelement,numeric)
Function sys.babelfish_conv_to_varchar(text,text,numeric)
Function sys.babelfish_cursor_list(integer)
Function sys.babelfish_dbts()
Function sys.babelfish_get_datetimeoffset_tzoffset(sys.datetimeoffset)
Function sys.babelfish_get_enr_list()
Function sys.babelfish_get_full_year(text,text,numeric)
Function sys.babelfish_get_id_by_name(text)
Function sys.babelfish_get_identity_current(text)
Function sys.babelfish_get_identity_param(text,text)
Function sys.babelfish_get_int_part(double precision)
Function sys.babelfish_get_jobs()
Function sys.babelfish_get_lang_metadata_json(text)
Function sys.babelfish_get_last_identity()
Function sys.babelfish_get_last_identity_numeric()
Function sys.babelfish_get_login_default_db(text)
Function sys.babelfish_get_microsecs_from_fractsecs(text,numeric)
Function sys.babelfish_get_monthnum_by_name(text,jsonb)
Function sys.babelfish_get_sequence_value(character varying)
Function sys.babelfish_get_service_setting(character varying,character varying)
Function sys.babelfish_get_timeunit_from_string(text,text)
Function sys.babelfish_get_version(character varying)
Function sys.babelfish_get_weekdaynum_by_name(text,jsonb)
Function sys.babelfish_helpdb()
Function sys.babelfish_helpdb(character varying)
Function sys.babelfish_inconsistent_metadata()
Function sys.babelfish_is_ossp_present()
Function sys.babelfish_is_spatial_present()
Function sys.babelfish_istime(text)
Function sys.babelfish_openxml(bigint)
Function sys.babelfish_parse_helper_to_date(text,boolean,text)
Function sys.babelfish_parse_helper_to_datetime(text,boolean,text)
Function sys.babelfish_parse_helper_to_time(text,boolean,text)
Function sys.babelfish_parse_to_date(text,text)
Function sys.babelfish_parse_to_datetime(text,text,text)
Function sys.babelfish_parse_to_time(text,text,text)
Function sys.babelfish_pltsql_cursor_show_textptr_only_column_indexes(integer)
Function sys.babelfish_pltsql_get_last_cursor_handle()
Function sys.babelfish_pltsql_get_last_stmt_handle()
Function sys.babelfish_round3(numeric,integer,integer)
Function sys.babelfish_round_fractseconds(numeric)
Function sys.babelfish_round_fractseconds(text)
Function sys.babelfish_set_role(text)
Function sys.babelfish_set_version(character varying,character varying)
Function sys.babelfish_single_unbracket_name(text)
Function sys.babelfish_sp_add_job(character varying,smallint,character varying,integer,character varying,integer,character varying,integer,integer,integer,integer,character varying,character varying,character varying,integer,integer,character varying)
Function sys.babelfish_sp_add_jobschedule(integer,character varying,character varying,smallint,integer,integer,integer,integer,integer,integer,integer,integer,integer,integer,integer,smallint,character)
Function sys.babelfish_sp_add_jobstep(integer,character varying,integer,character varying,character varying,text,text,integer,smallint,integer,smallint,integer,character varying,character varying,character varying,integer,integer,integer,character varying,integer,integer,character varying,character)
Function sys.babelfish_sp_add_schedule(character varying,smallint,integer,integer,integer,integer,integer,integer,integer,integer,integer,integer,character varying,character,integer,character varying)
Function sys.babelfish_sp_attach_schedule(integer,character varying,integer,character varying,smallint)
Function sys.babelfish_sp_aws_add_jobschedule(integer,integer)
Function sys.babelfish_sp_aws_del_jobschedule(integer,integer)
Function sys.babelfish_sp_delete_job(integer,character varying,character varying,smallint,smallint)
Function sys.babelfish_sp_delete_jobschedule(integer,character varying,character varying,integer,smallint)
Function sys.babelfish_sp_delete_jobstep(integer,character varying,integer)
Function sys.babelfish_sp_delete_schedule(integer,character varying,smallint,smallint)
Function sys.babelfish_sp_detach_schedule(integer,character varying,integer,character varying,smallint,smallint)
Function sys.babelfish_sp_job_log(integer,integer,character varying)
Function sys.babelfish_sp_schedule_to_cron(integer,integer)
Function sys.babelfish_sp_sequence_get_range(text,bigint)
Function sys.babelfish_sp_set_next_run(integer,integer)
Function sys.babelfish_sp_update_job(integer,character varying,character varying,smallint,character varying,integer,character varying,character varying,integer,integer,integer,integer,character varying,character varying,character varying,integer,smallint)
Function sys.babelfish_sp_update_jobschedule(integer,character varying,character varying,character varying,smallint,integer,integer,integer,integer,integer,integer,integer,integer,integer,integer,smallint)
Function sys.babelfish_sp_update_jobstep(integer,character varying,integer,character varying,character varying,text,text,integer,smallint,integer,smallint,integer,character varying,character varying,character varying,integer,integer,integer,character varying,integer,integer,character varying)
Function sys.babelfish_sp_update_schedule(integer,character varying,character varying,smallint,integer,integer,integer,integer,integer,integer,integer,integer,integer,integer,character varying,smallint)
Function sys.babelfish_sp_verify_job(integer,character varying,smallint,integer,character varying,character,integer,integer,integer,integer,character varying,character varying,character varying,integer,integer,integer,integer,integer,character varying)
Function sys.babelfish_sp_verify_job_date(integer,character varying)
Function sys.babelfish_sp_verify_job_identifiers(character varying,character varying,character varying,integer,character varying,character)
Function sys.babelfish_sp_verify_job_time(integer,character varying)
Function sys.babelfish_sp_verify_jobstep(integer,integer,character varying,character varying,text,character varying,smallint,integer,smallint,integer,integer,integer,character varying,integer)
Function sys.babelfish_sp_verify_schedule(integer,character varying,smallint,integer,integer,integer,integer,integer,integer,integer,integer,integer,integer,character)
Function sys.babelfish_sp_verify_schedule_identifiers(character varying,character varying,character varying,integer,character,integer,integer)
Function sys.babelfish_sp_xml_preparedocument(text)
Function sys.babelfish_sp_xml_removedocument(bigint)
Function sys.babelfish_strpos3(text,text,integer)
Function sys.babelfish_tomsbit(character varying)
Function sys.babelfish_tomsbit(numeric)
Function sys.babelfish_truncate_identifier(text)
Function sys.babelfish_try_cast_floor_bigint(anyelement)
Function sys.babelfish_try_cast_floor_bigint(text)
Function sys.babelfish_try_cast_floor_int(anyelement)
Function sys.babelfish_try_cast_floor_int(text)
Function sys.babelfish_try_cast_floor_smallint(anyelement)
Function sys.babelfish_try_cast_floor_smallint(text)
Function sys.babelfish_try_cast_to_any(text,anyelement,integer)
Function sys.babelfish_try_conv_date_to_string(text,date,numeric)
Function sys.babelfish_try_conv_datetime_to_string(text,text,timestamp without time zone,numeric)
Function sys.babelfish_try_conv_float_to_string(text,double precision,numeric)
Function sys.babelfish_try_conv_money_to_string(text,money,numeric)
Function sys.babelfish_try_conv_string_to_date(text,numeric)
Function sys.babelfish_try_conv_string_to_datetime(text,text,numeric)
Function sys.babelfish_try_conv_string_to_time(text,text,numeric)
Function sys.babelfish_try_conv_time_to_string(text,text,time without time zone,numeric)
Function sys.babelfish_try_conv_to_date(anyelement)
Function sys.babelfish_try_conv_to_datetime(anyelement)
Function sys.babelfish_try_conv_to_time(anyelement)
Function sys.babelfish_try_conv_to_varchar(text,anyelement,numeric)
Function sys.babelfish_try_conv_to_varchar(text,text,numeric)
Function sys.babelfish_try_parse_to_date(text,text)
Function sys.babelfish_try_parse_to_datetime(text,text,text)
Function sys.babelfish_try_parse_to_time(text,text,text)
Function sys.babelfish_typecode_list()
Function sys.babelfish_update_job(integer,character varying)
Function sys.babelfish_waitfor_delay(text)
Function sys.babelfish_waitfor_delay(timestamp without time zone)
Function sys.bbf_binary_cmp(sys.bbf_binary,sys.bbf_binary)
Function sys.bbf_get_current_physical_schema_name(text)
Function sys.bbf_varbinary_cmp(sys.bbf_varbinary,sys.bbf_varbinary)
Function sys.bit_cmp(sys."bit",sys."bit")
Function sys.bitxor(bit,bit)
Function sys.bpchar_to_name(character)
Function sys.bpchar_to_name(sys.bpchar)
Function sys.bpcharcmp(sys.bpchar,sys.bpchar)
Function sys.ceiling(bigint)
Function sys.ceiling(integer)
Function sys.ceiling(smallint)
Function sys.ceiling(sys."bit")
Function sys.ceiling(sys.tinyint)
Function sys.char_to_fixeddecimal(character varying)
Function sys.char_to_fixeddecimal(character)
Function sys.char_to_fixeddecimal(sys."varchar")
Function sys.char_to_fixeddecimal(sys.bpchar)
Function sys.char_to_fixeddecimal(text)
Function sys.charindex(text,text,integer)
Function sys.checksum(text)
Function sys.collationproperty(text,text)
Function sys.connectionproperty(text)
Function sys.cursor_rows()
Function sys.cursor_status(text,text)
Function sys.databasepropertyex(text,text)
Function sys.datalength(anyelement)
Function sys.datalength(character)
Function sys.datalength(sys.sql_variant)
Function sys.datalength(text)
Function sys.dateadd(text,integer,anyelement)
Function sys.dateadd_internal(text,integer,anyelement)
Function sys.dateadd_internal_df(text,integer,sys.datetimeoffset)
Function sys.datediff(text,date,date)
Function sys.datediff(text,sys.datetime,sys.datetime)
Function sys.datediff(text,sys.datetime2,sys.datetime2)
Function sys.datediff(text,sys.datetimeoffset,sys.datetimeoffset)
Function sys.datediff(text,sys.smalldatetime,sys.smalldatetime)
Function sys.datediff(text,time without time zone,time without time zone)
Function sys.datediff_internal(text,anyelement,anyelement)
Function sys.datediff_internal_df(text,anyelement,anyelement)
Function sys.datefirst()
Function sys.datefromparts(integer,integer,integer)
Function sys.datename(text,anyelement)
Function sys.datepart(text,anyelement)
Function sys.datepart_internal(text,anyelement,integer)
Function sys.datetime2_cmp(sys.datetime2,sys.datetime2)
Function sys.datetime2_hash(sys.datetime2)
Function sys.datetime2fromparts(numeric,numeric,numeric,numeric,numeric,numeric,numeric,numeric)
Function sys.datetime2fromparts(text,text,text,text,text,text,text,text)
Function sys.datetime_cmp(sys.datetime,sys.datetime)
Function sys.datetime_hash(sys.datetime)
Function sys.datetimefromparts(numeric,numeric,numeric,numeric,numeric,numeric,numeric)
Function sys.datetimefromparts(text,text,text,text,text,text,text)
Function sys.datetimeoffset_cmp(sys.datetimeoffset,sys.datetimeoffset)
Function sys.datetimeoffset_hash(sys.datetimeoffset)
Function sys.day(anyelement)
Function sys.db_id()
Function sys.db_id(sys.nvarchar)
Function sys.db_name()
Function sys.db_name(integer)
Function sys.default_domain()
Function sys.disable_injected_fault(text)
Function sys.disable_injected_fault_all()
Function sys.dtrunci2(double precision)
Function sys.dtrunci4(double precision)
Function sys.dtrunci8(double precision)
Function sys.error()
Function sys.error_line()
Function sys.error_message()
Function sys.error_number()
Function sys.error_procedure()
Function sys.error_severity()
Function sys.error_state()
Function sys.fetch_status()
Function sys.fixeddecimal_avg(internal)
Function sys.fixeddecimal_avg_accum(internal,sys.fixeddecimal)
Function sys.fixeddecimal_cmp(sys.fixeddecimal,sys.fixeddecimal)
Function sys.fixeddecimal_hash(sys.fixeddecimal)
Function sys.fixeddecimal_int2_cmp(sys.fixeddecimal,smallint)
Function sys.fixeddecimal_int4_cmp(sys.fixeddecimal,integer)
Function sys.fixeddecimal_int8_cmp(sys.fixeddecimal,bigint)
Function sys.fixeddecimal_numeric_cmp(sys.fixeddecimal,numeric)
Function sys.fixeddecimal_sum(internal)
Function sys.fixeddecimalaggstatecombine(internal,internal)
Function sys.fixeddecimalaggstatedeserialize(bytea,internal)
Function sys.fixeddecimalaggstateserialize(internal)
Function sys.fixeddecimallarger(sys.fixeddecimal,sys.fixeddecimal)
Function sys.fixeddecimalsmaller(sys.fixeddecimal,sys.fixeddecimal)
Function sys.floor(bigint)
Function sys.floor(integer)
Function sys.floor(smallint)
Function sys.floor(sys."bit")
Function sys.floor(sys.tinyint)
Function sys.fn_helpcollations()
Function sys.fn_listextendedproperty(character varying,character varying,character varying,character varying,character varying,character varying,character varying)
Function sys.fn_mapped_system_error_list()
Function sys.formatmessage(character varying)
Function sys.formatmessage(character varying,"any")
Function sys.formatmessage(text)
Function sys.formatmessage(text,"any")
Function sys.ftrunci2(real)
Function sys.ftrunci4(real)
Function sys.ftrunci8(real)
Function sys.get_babel_server_collation_oid()
Function sys.get_max_id_from_table(text,text,text)
Function sys.get_min_id_from_table(text,text,text)
Function sys.getdate()
Function sys.getutcdate()
Function sys.has_dbaccess(text)
Function sys.hashbpchar(sys.bpchar)
Function sys.hashbytes(character varying,character varying)
Function sys.hashbytes(character varying,sys.bbf_varbinary)
Function sys.hashvarchar(sys."varchar")
Function sys.ident_current(text)
Function sys.ident_incr(text)
Function sys.ident_seed(text)
Function sys.inject_fault(text)
Function sys.inject_fault(text,integer)
Function sys.inject_fault(text,integer,integer)
Function sys.inject_fault_all()
Function sys.inject_fault_status(text)
Function sys.int2_fixeddecimal_cmp(smallint,sys.fixeddecimal)
Function sys.int4_fixeddecimal_cmp(integer,sys.fixeddecimal)
Function sys.int8_fixeddecimal_cmp(bigint,sys.fixeddecimal)
Function sys.is_member(character varying)
Function sys.is_srvrolemember(text,text)
Function sys.isdate(text)
Function sys.isnumeric(anyelement)
Function sys.isnumeric(text)
Function sys.len(text)
Function sys.max_precision()
Function sys.microsoftversion()
Function sys.money_sqlvariant(sys.money)
Function sys.month(anyelement)
Function sys.nchar_sqlvariant(sys."nchar")
Function sys.nestlevel()
Function sys.newid()
Function sys.newsequentialid()
Function sys.numeric_fixeddecimal_cmp(numeric,sys.fixeddecimal)
Function sys.nvarchar_sqlvariant(sys.nvarchar)
Function sys.object_id(text,character)
Function sys.object_name(integer,integer)
Function sys.options()
Function sys.parsename(character varying,integer)
Function sys.patindex(character varying,character varying)
Function sys.pgerror()
Function sys.pltsql_call_handler()
Function sys.pltsql_inline_handler(internal)
Function sys.pltsql_validator(oid)
Function sys.procid()
Function sys.quotename(character varying,character)
Function sys.rand()
Function sys.rand(integer)
Function sys.replicate(text,integer)
Function sys.round(numeric,integer)
Function sys.round(numeric,integer,integer)
Function sys.rowcount()
Function sys.schema_id(character varying)
Function sys.schema_name(oid)
Function sys.scope_identity()
Function sys.servername()
Function sys.serverproperty(text)
Function sys.sessionproperty(text)
Function sys.smalldatetime_cmp(sys.smalldatetime,sys.smalldatetime)
Function sys.smalldatetime_hash(sys.smalldatetime)
Function sys.smallmoney_sqlvariant(sys.smallmoney)
Function sys.sp_columns_100_internal(sys.nvarchar,sys.nvarchar,sys.nvarchar,sys.nvarchar,integer,integer,smallint)
Function sys.sp_columns_managed_internal(sys.nvarchar,sys.nvarchar,sys.nvarchar,sys.nvarchar,integer)
Function sys.sp_describe_first_result_set_internal(character varying,character varying,sys.tinyint)
Function sys.sp_describe_undeclared_parameters_internal(character varying,character varying)
Function sys.sp_getapplock_function(character varying,character varying,character varying,integer,character varying)
Function sys.sp_releaseapplock_function(character varying,character varying,character varying)
Function sys.space(integer)
Function sys.spid()
Function sys.sql_variant_property(sys.sql_variant,sys."varchar")
Function sys.sqlvariant_cmp(sys.sql_variant,sys.sql_variant)
Function sys.sqlvariant_hash(sys.sql_variant)
Function sys.sqlvariant_nchar(sys.sql_variant)
Function sys.sqlvariant_nvarchar(sys.sql_variant)
Function sys.sqlvariant_smallmoney(sys.sql_variant)
Function sys.sqlvariant_tinyint(sys.sql_variant)
Function sys.string_escape(sys.nvarchar,text)
Function sys.string_split(character varying,character varying)
Function sys.stuff(anyelement,integer,integer,anyelement)
Function sys.stuff(text,integer,integer,text)
Function sys.suser_id(text)
Function sys.suser_name(oid)
Function sys.sysdatetime()
Function sys.sysdatetimeoffset()
Function sys.sysutcdatetime()
Function sys.text_to_name(text)
Function sys.timefromparts(numeric,numeric,numeric,numeric,numeric)
Function sys.timefromparts(text,text,text,text,text)
Function sys.tinyint_sqlvariant(sys.tinyint)
Function sys.trancount()
Function sys.tsql_query_to_xml(text,integer,text,boolean,text)
Function sys.tsql_query_to_xml_text(text,integer,text,boolean,text)
Function sys.unicode(character varying)
Function sys.uniqueidentifier_cmp(sys.uniqueidentifier,sys.uniqueidentifier)
Function sys.uniqueidentifier_hash(sys.uniqueidentifier)
Function sys.user_id(text)
Function sys.user_name(oid)
Function sys.user_name_sysname()
Function sys.varchar_to_name(character varying)
Function sys.varchar_to_name(sys."varchar")
Function sys.varcharcmp(sys."varchar",sys."varchar")
Function sys.version()
Function sys.xact_state()
Function sys.year(anyelement)
Operator <(sys."varchar",sys."varchar")
Operator <(sys.bpchar,sys.bpchar)
Operator <=(sys."varchar",sys."varchar")
Operator <=(sys.bpchar,sys.bpchar)
Operator <>(sys."varchar",sys."varchar")
Operator <>(sys.bpchar,sys.bpchar)
Operator <>(sys.bpchar,text)
Operator <>(text,sys.bpchar)
Operator =(sys."varchar",sys."varchar")
Operator =(sys.bpchar,sys.bpchar)
Operator =(sys.bpchar,text)
Operator =(text,sys.bpchar)
Operator >(sys."varchar",sys."varchar")
Operator >(sys.bpchar,sys.bpchar)
Operator >=(sys."varchar",sys."varchar")
Operator >=(sys.bpchar,sys.bpchar)
Operator sys.*(bigint,sys.fixeddecimal)
Operator sys.*(integer,sys.fixeddecimal)
Operator sys.*(smallint,sys.fixeddecimal)
Operator sys.*(sys.fixeddecimal,bigint)
Operator sys.*(sys.fixeddecimal,integer)
Operator sys.*(sys.fixeddecimal,smallint)
Operator sys.*(sys.fixeddecimal,sys.fixeddecimal)
Operator sys.+(bigint,sys.fixeddecimal)
Operator sys.+(double precision,sys.datetime)
Operator sys.+(double precision,sys.smalldatetime)
Operator sys.+(integer,sys.datetime)
Operator sys.+(integer,sys.fixeddecimal)
Operator sys.+(integer,sys.smalldatetime)
Operator sys.+(interval,sys.datetimeoffset)
Operator sys.+(smallint,sys.fixeddecimal)
Operator sys.+(sys.datetime,double precision)
Operator sys.+(sys.datetime,integer)
Operator sys.+(sys.datetimeoffset,interval)
Operator sys.+(sys.fixeddecimal,bigint)
Operator sys.+(sys.fixeddecimal,integer)
Operator sys.+(sys.fixeddecimal,smallint)
Operator sys.+(sys.fixeddecimal,sys.fixeddecimal)
Operator sys.+(sys.smalldatetime,double precision)
Operator sys.+(sys.smalldatetime,integer)
Operator sys.+(text,text)
Operator sys.-(NONE,sys."bit")
Operator sys.-(NONE,sys.fixeddecimal)
Operator sys.-(bigint,sys.fixeddecimal)
Operator sys.-(double precision,sys.datetime)
Operator sys.-(double precision,sys.smalldatetime)
Operator sys.-(integer,sys.datetime)
Operator sys.-(integer,sys.fixeddecimal)
Operator sys.-(integer,sys.smalldatetime)
Operator sys.-(smallint,sys.fixeddecimal)
Operator sys.-(sys.datetime,double precision)
Operator sys.-(sys.datetime,integer)
Operator sys.-(sys.datetimeoffset,interval)
Operator sys.-(sys.datetimeoffset,sys.datetimeoffset)
Operator sys.-(sys.fixeddecimal,bigint)
Operator sys.-(sys.fixeddecimal,integer)
Operator sys.-(sys.fixeddecimal,smallint)
Operator sys.-(sys.fixeddecimal,sys.fixeddecimal)
Operator sys.-(sys.smalldatetime,double precision)
Operator sys.-(sys.smalldatetime,integer)
Operator sys./(bigint,sys.fixeddecimal)
Operator sys./(integer,sys.fixeddecimal)
Operator sys./(smallint,sys.fixeddecimal)
Operator sys./(sys.fixeddecimal,bigint)
Operator sys./(sys.fixeddecimal,integer)
Operator sys./(sys.fixeddecimal,smallint)
Operator sys./(sys.fixeddecimal,sys.fixeddecimal)
Operator sys.<(bigint,sys.fixeddecimal)
Operator sys.<(date,sys.smalldatetime)
Operator sys.<(integer,sys."bit")
Operator sys.<(integer,sys.fixeddecimal)
Operator sys.<(numeric,sys.fixeddecimal)
Operator sys.<(smallint,sys.fixeddecimal)
Operator sys.<(sys."bit",integer)
Operator sys.<(sys."bit",sys."bit")
Operator sys.<(sys.bbf_binary,sys.bbf_binary)
Operator sys.<(sys.bbf_varbinary,sys.bbf_varbinary)
Operator sys.<(sys.datetime,sys.datetime)
Operator sys.<(sys.datetime2,sys.datetime2)
Operator sys.<(sys.datetimeoffset,sys.datetimeoffset)
Operator sys.<(sys.fixeddecimal,bigint)
Operator sys.<(sys.fixeddecimal,integer)
Operator sys.<(sys.fixeddecimal,numeric)
Operator sys.<(sys.fixeddecimal,smallint)
Operator sys.<(sys.fixeddecimal,sys.fixeddecimal)
Operator sys.<(sys.smalldatetime,date)
Operator sys.<(sys.smalldatetime,sys.smalldatetime)
Operator sys.<(sys.sql_variant,sys.sql_variant)
Operator sys.<(sys.uniqueidentifier,sys.uniqueidentifier)
Operator sys.<=(bigint,sys.fixeddecimal)
Operator sys.<=(date,sys.smalldatetime)
Operator sys.<=(integer,sys."bit")
Operator sys.<=(integer,sys.fixeddecimal)
Operator sys.<=(numeric,sys.fixeddecimal)
Operator sys.<=(smallint,sys.fixeddecimal)
Operator sys.<=(sys."bit",integer)
Operator sys.<=(sys."bit",sys."bit")
Operator sys.<=(sys.bbf_binary,sys.bbf_binary)
Operator sys.<=(sys.bbf_varbinary,sys.bbf_varbinary)
Operator sys.<=(sys.datetime,sys.datetime)
Operator sys.<=(sys.datetime2,sys.datetime2)
Operator sys.<=(sys.datetimeoffset,sys.datetimeoffset)
Operator sys.<=(sys.fixeddecimal,bigint)
Operator sys.<=(sys.fixeddecimal,integer)
Operator sys.<=(sys.fixeddecimal,numeric)
Operator sys.<=(sys.fixeddecimal,smallint)
Operator sys.<=(sys.fixeddecimal,sys.fixeddecimal)
Operator sys.<=(sys.smalldatetime,date)
Operator sys.<=(sys.smalldatetime,sys.smalldatetime)
Operator sys.<=(sys.sql_variant,sys.sql_variant)
Operator sys.<=(sys.uniqueidentifier,sys.uniqueidentifier)
Operator sys.<>(bigint,sys.fixeddecimal)
Operator sys.<>(date,sys.smalldatetime)
Operator sys.<>(integer,sys."bit")
Operator sys.<>(integer,sys.fixeddecimal)
Operator sys.<>(numeric,sys.fixeddecimal)
Operator sys.<>(smallint,sys.fixeddecimal)
Operator sys.<>(sys."bit",integer)
Operator sys.<>(sys."bit",sys."bit")
Operator sys.<>(sys.bbf_binary,sys.bbf_binary)
Operator sys.<>(sys.bbf_varbinary,sys.bbf_varbinary)
Operator sys.<>(sys.datetime,sys.datetime)
Operator sys.<>(sys.datetime2,sys.datetime2)
Operator sys.<>(sys.datetimeoffset,sys.datetimeoffset)
Operator sys.<>(sys.fixeddecimal,bigint)
Operator sys.<>(sys.fixeddecimal,integer)
Operator sys.<>(sys.fixeddecimal,numeric)
Operator sys.<>(sys.fixeddecimal,smallint)
Operator sys.<>(sys.fixeddecimal,sys.fixeddecimal)
Operator sys.<>(sys.smalldatetime,date)
Operator sys.<>(sys.smalldatetime,sys.smalldatetime)
Operator sys.<>(sys.sql_variant,sys.sql_variant)
Operator sys.<>(sys.uniqueidentifier,sys.uniqueidentifier)
Operator sys.=(bigint,sys.fixeddecimal)
Operator sys.=(date,sys.smalldatetime)
Operator sys.=(integer,sys."bit")
Operator sys.=(integer,sys.fixeddecimal)
Operator sys.=(numeric,sys.fixeddecimal)
Operator sys.=(smallint,sys.fixeddecimal)
Operator sys.=(sys."bit",integer)
Operator sys.=(sys."bit",sys."bit")
Operator sys.=(sys.bbf_binary,sys.bbf_binary)
Operator sys.=(sys.bbf_varbinary,sys.bbf_varbinary)
Operator sys.=(sys.datetime,sys.datetime)
Operator sys.=(sys.datetime2,sys.datetime2)
Operator sys.=(sys.datetimeoffset,sys.datetimeoffset)
Operator sys.=(sys.fixeddecimal,bigint)
Operator sys.=(sys.fixeddecimal,integer)
Operator sys.=(sys.fixeddecimal,numeric)
Operator sys.=(sys.fixeddecimal,smallint)
Operator sys.=(sys.fixeddecimal,sys.fixeddecimal)
Operator sys.=(sys.smalldatetime,date)
Operator sys.=(sys.smalldatetime,sys.smalldatetime)
Operator sys.=(sys.sql_variant,sys.sql_variant)
Operator sys.=(sys.uniqueidentifier,sys.uniqueidentifier)
Operator sys.>(bigint,sys.fixeddecimal)
Operator sys.>(date,sys.smalldatetime)
Operator sys.>(integer,sys."bit")
Operator sys.>(integer,sys.fixeddecimal)
Operator sys.>(numeric,sys.fixeddecimal)
Operator sys.>(smallint,sys.fixeddecimal)
Operator sys.>(sys."bit",integer)
Operator sys.>(sys."bit",sys."bit")
Operator sys.>(sys.bbf_binary,sys.bbf_binary)
Operator sys.>(sys.bbf_varbinary,sys.bbf_varbinary)
Operator sys.>(sys.datetime,sys.datetime)
Operator sys.>(sys.datetime2,sys.datetime2)
Operator sys.>(sys.datetimeoffset,sys.datetimeoffset)
Operator sys.>(sys.fixeddecimal,bigint)
Operator sys.>(sys.fixeddecimal,integer)
Operator sys.>(sys.fixeddecimal,numeric)
Operator sys.>(sys.fixeddecimal,smallint)
Operator sys.>(sys.fixeddecimal,sys.fixeddecimal)
Operator sys.>(sys.smalldatetime,date)
Operator sys.>(sys.smalldatetime,sys.smalldatetime)
Operator sys.>(sys.sql_variant,sys.sql_variant)
Operator sys.>(sys.uniqueidentifier,sys.uniqueidentifier)
Operator sys.>=(bigint,sys.fixeddecimal)
Operator sys.>=(date,sys.smalldatetime)
Operator sys.>=(integer,sys."bit")
Operator sys.>=(integer,sys.fixeddecimal)
Operator sys.>=(numeric,sys.fixeddecimal)
Operator sys.>=(smallint,sys.fixeddecimal)
Operator sys.>=(sys."bit",integer)
Operator sys.>=(sys."bit",sys."bit")
Operator sys.>=(sys.bbf_binary,sys.bbf_binary)
Operator sys.>=(sys.bbf_varbinary,sys.bbf_varbinary)
Operator sys.>=(sys.datetime,sys.datetime)
Operator sys.>=(sys.datetime2,sys.datetime2)
Operator sys.>=(sys.datetimeoffset,sys.datetimeoffset)
Operator sys.>=(sys.fixeddecimal,bigint)
Operator sys.>=(sys.fixeddecimal,integer)
Operator sys.>=(sys.fixeddecimal,numeric)
Operator sys.>=(sys.fixeddecimal,smallint)
Operator sys.>=(sys.fixeddecimal,sys.fixeddecimal)
Operator sys.>=(sys.smalldatetime,date)
Operator sys.>=(sys.smalldatetime,sys.smalldatetime)
Operator sys.>=(sys.sql_variant,sys.sql_variant)
Operator sys.>=(sys.uniqueidentifier,sys.uniqueidentifier)
Operator sys.^(bigint,bigint)
Operator sys.^(integer,integer)
Operator sys.^(smallint,smallint)
Operator sys.^(sys.tinyint,sys.tinyint)
Type sys."bigint"
Type sys."float"
Type sys."int"
Type sys."real"
Type sys.bbf_binary
Type sys.bbf_varbinary
Type sys.cursor
Type sys.fixeddecimal
Type sys.sysname
View sys.all_columns
View sys.all_objects
View sys.all_views
View sys.columns
View sys.databases
View sys.foreign_key_columns
View sys.foreign_keys
View sys.identity_columns
View sys.indexes
View sys.key_constraints
View sys.objects
View sys.pg_namespace_ext
View sys.procedures
View sys.schemas
View sys.server_principals
View sys.sp_columns_100_view
View sys.sp_tables_view
View sys.spt_columns_view_managed
View sys.spt_tablecollations_view
View sys.sql_modules
View sys.syscharsets
View sys.sysforeignkeys
View sys.sysindexes
View sys.sysprocesses
View sys.system_objects
View sys.tables
View sys.types
View sys.views
