Unexpected drop found for object sys.sp_babelfish_grant_usage_to_all in file ../../contrib/babelfishpg_tsql/sql/babelfishpg_tsql--1.1.0--1.2.0.sql
Unexpected drop found for object sysadmin in file ../../contrib/babelfishpg_tsql/sql/babelfishpg_tsql--1.1.0--1.2.0.sql
Unexpected drop found for object sysadmin in file ../../contrib/babelfishpg_tsql/sql/babelfishpg_tsql--1.1.0--1.2.0.sql
Unexpected drop found for object sys.sp_describe_undeclared_parameters_internal in file ../../contrib/babelfishpg_tsql/sql/babelfishpg_tsql--1.1.0--1.2.0.sql
Unexpected drop found for object sys.sp_describe_undeclared_parameters in file ../../contrib/babelfishpg_tsql/sql/babelfishpg_tsql--1.1.0--1.2.0.sql
Unexpected drop found for object sys.checksum in file ../../contrib/babelfishpg_tsql/sql/babelfishpg_tsql--1.1.0--1.2.0.sql
Unexpected drop found for object sys.babelfish_inconsistent_metadata in file ../../contrib/babelfishpg_tsql/sql/babelfishpg_tsql--1.1.0--1.2.0.sql
Unexpected drop found for object sys.create_xp_qv_in_master_dbo in file ../../contrib/babelfishpg_tsql/sql/babelfishpg_tsql--1.1.0--1.2.0.sql
Unexpected drop found for object "#temp_schedules_to_delete" in file ../../contrib/babelfishpg_tsql/sql/sys_function_helpers.sql
Unexpected drop found for object "#temp_schedules_to_delete" in file ../../contrib/babelfishpg_tsql/sql/babelfishpg_tsql--1.0.0.sql
Unexpected drop found for object sys.get_babel_server_collation_oid in file ../../contrib/babelfishpg_tsql/sql/babelfishpg_tsql--1.0.0.sql
Unexpected drop found for object sys.init_database_collation_oid in file ../../contrib/babelfishpg_tsql/sql/babelfishpg_tsql--1.0.0.sql
Unexpected drop found for object sys.babel_collation_initializer in file ../../contrib/babelfishpg_tsql/sql/babelfishpg_tsql--1.0.0.sql
Unexpected drop found for object sys.babel_like_ilike_info_initializer in file ../../contrib/babelfishpg_tsql/sql/babelfishpg_tsql--1.0.0.sql
Unexpected drop found for object sysadmin in file ../../contrib/babelfishpg_tsql/sql/babelfishpg_tsql--1.0.0.sql
Unexpected drop found for object sysadmin in file ../../contrib/babelfishpg_tsql/sql/babelfishpg_tsql--1.0.0.sql
Unexpected drop found for object sys.sp_columns_100_internal in file ../../contrib/babelfishpg_tsql/sql/babelfishpg_tsql--1.0.0.sql
Unexpected drop found for object sp_describe_first_result_set_view in file ../../contrib/babelfishpg_tsql/sql/babelfishpg_tsql--1.0.0.sql
Unexpected drop found for object sp_describe_first_result_set_view in file ../../contrib/babelfishpg_tsql/sql/babelfishpg_tsql--1.0.0.sql
Unexpected drop found for object sys.create_xp_qv_in_master_dbo in file ../../contrib/babelfishpg_tsql/sql/ownership.sql
Unexpected drop found for object sys.create_xp_instance_regread_in_master_dbo in file ../../contrib/babelfishpg_tsql/sql/ownership.sql
Unexpected drop found for object sysadmin in file ../../contrib/babelfishpg_tsql/sql/ownership.sql
Unexpected drop found for object sysadmin in file ../../contrib/babelfishpg_tsql/sql/ownership.sql
Unexpected drop found for object sys.sysprocesses in file ../../contrib/babelfishpg_tsql/sql/babelfishpg_tsql--1.2.1--2.0.0.sql
Unexpected drop found for object sys.dm_exec_sessions in file ../../contrib/babelfishpg_tsql/sql/babelfishpg_tsql--1.2.1--2.0.0.sql
Unexpected drop found for object sys.dm_exec_connections in file ../../contrib/babelfishpg_tsql/sql/babelfishpg_tsql--1.2.1--2.0.0.sql
Unexpected drop found for object sys.tsql_stat_get_activity in file ../../contrib/babelfishpg_tsql/sql/babelfishpg_tsql--1.2.1--2.0.0.sql
Unexpected drop found for object sys.sp_special_columns_view in file ../../contrib/babelfishpg_tsql/sql/babelfishpg_tsql--1.2.1--2.0.0.sql
Unexpected drop found for object sys.sp_datatype_info_helper in file ../../contrib/babelfishpg_tsql/sql/babelfishpg_tsql--1.2.1--2.0.0.sql
Unexpected drop found for object sys.get_babel_server_collation_oid in file ../../contrib/babelfishpg_tsql/sql/babelfishpg_tsql--2.1.0.sql
Unexpected drop found for object sys.init_database_collation_oid in file ../../contrib/babelfishpg_tsql/sql/babelfishpg_tsql--2.1.0.sql
Unexpected drop found for object sys.babel_collation_initializer in file ../../contrib/babelfishpg_tsql/sql/babelfishpg_tsql--2.1.0.sql
Unexpected drop found for object sys.babel_like_ilike_info_initializer in file ../../contrib/babelfishpg_tsql/sql/babelfishpg_tsql--2.1.0.sql
Unexpected drop found for object "#temp_schedules_to_delete" in file ../../contrib/babelfishpg_tsql/sql/babelfishpg_tsql--2.1.0.sql
Unexpected drop found for object sys.create_xp_qv_in_master_dbo in file ../../contrib/babelfishpg_tsql/sql/babelfishpg_tsql--2.1.0.sql
Unexpected drop found for object sys.create_xp_instance_regread_in_master_dbo in file ../../contrib/babelfishpg_tsql/sql/babelfishpg_tsql--2.1.0.sql
Unexpected drop found for object sysadmin in file ../../contrib/babelfishpg_tsql/sql/babelfishpg_tsql--2.1.0.sql
Unexpected drop found for object sysadmin in file ../../contrib/babelfishpg_tsql/sql/babelfishpg_tsql--2.1.0.sql
Unexpected drop found for object sys.sp_columns_100_internal in file ../../contrib/babelfishpg_tsql/sql/babelfishpg_tsql--2.1.0.sql
Unexpected drop found for object sys.sp_databases_view in file ../../contrib/babelfishpg_tsql/sql/babelfishpg_tsql--2.1.0.sql
Unexpected drop found for object sys.sp_columns_100_internal in file ../../contrib/babelfishpg_tsql/sql/babelfishpg_tsql.sql
Unexpected drop found for object sys.sp_databases_view in file ../../contrib/babelfishpg_tsql/sql/babelfishpg_tsql.sql
Unexpected drop found for object sys.get_babel_server_collation_oid in file ../../contrib/babelfishpg_tsql/sql/collation.sql
Unexpected drop found for object sys.init_database_collation_oid in file ../../contrib/babelfishpg_tsql/sql/collation.sql
Unexpected drop found for object sys.babel_collation_initializer in file ../../contrib/babelfishpg_tsql/sql/collation.sql
Unexpected drop found for object sys.babel_like_ilike_info_initializer in file ../../contrib/babelfishpg_tsql/sql/collation.sql
Unexpected drop found for object sysadmin in file ../../contrib/babelfishpg_tsql/sql/babelfishpg_tsql--2.0.0--2.1.0.sql
Unexpected drop found for object sysadmin in file ../../contrib/babelfishpg_tsql/sql/babelfishpg_tsql--2.0.0--2.1.0.sql
Unexpected drop found for object sys.babelfish_single_unbracket_name in file ../../contrib/babelfishpg_tsql/sql/babelfishpg_tsql--2.0.0--2.1.0.sql
Unexpected drop found for object sys.create_xp_instance_regread_in_master_dbo in file ../../contrib/babelfishpg_tsql/sql/babelfishpg_tsql--2.0.0--2.1.0.sql
Unexpected drop found for object sys.babelfish_drop_deprecated_view in file ../../contrib/babelfishpg_tsql/sql/babelfishpg_tsql--2.0.0--2.1.0.sql
Unexpected drop found for object sys.sp_babelfish_grant_usage_to_all in file ../../contrib/babelfishpg_tsql/sql/upgrades/babelfishpg_tsql--1.1.0--1.2.0.sql
Unexpected drop found for object sysadmin in file ../../contrib/babelfishpg_tsql/sql/upgrades/babelfishpg_tsql--1.1.0--1.2.0.sql
Unexpected drop found for object sysadmin in file ../../contrib/babelfishpg_tsql/sql/upgrades/babelfishpg_tsql--1.1.0--1.2.0.sql
Unexpected drop found for object sys.create_xp_qv_in_master_dbo in file ../../contrib/babelfishpg_tsql/sql/upgrades/babelfishpg_tsql--1.1.0--1.2.0.sql
Unexpected drop found for object sys.sysindexes in file ../../contrib/babelfishpg_tsql/sql/upgrades/babelfishpg_tsql--1.0.0--1.1.0.sql
Unexpected drop found for object sys.babelfish_drop_deprecated_function in file ../../contrib/babelfishpg_tsql/sql/upgrades/babelfishpg_tsql--1.2.1--2.0.0.sql
Unexpected drop found for object sys.babelfish_drop_deprecated_view in file ../../contrib/babelfishpg_tsql/sql/upgrades/babelfishpg_tsql--2.1.0--2.2.0.sql
Unexpected drop found for object sysadmin in file ../../contrib/babelfishpg_tsql/sql/upgrades/babelfishpg_tsql--2.0.0--2.1.0.sql
Unexpected drop found for object sysadmin in file ../../contrib/babelfishpg_tsql/sql/upgrades/babelfishpg_tsql--2.0.0--2.1.0.sql
Unexpected drop found for object sys.babelfish_single_unbracket_name in file ../../contrib/babelfishpg_tsql/sql/upgrades/babelfishpg_tsql--2.0.0--2.1.0.sql
Unexpected drop found for object sys.create_xp_instance_regread_in_master_dbo in file ../../contrib/babelfishpg_tsql/sql/upgrades/babelfishpg_tsql--2.0.0--2.1.0.sql
Unexpected drop found for object sys.sp_columns_100_internal in file ../../contrib/babelfishpg_tsql/sql/upgrades/babelfishpg_tsql--2.0.0--2.1.0.sql
Unexpected drop found for object sys.babelfish_drop_deprecated_view in file ../../contrib/babelfishpg_tsql/sql/upgrades/babelfishpg_tsql--2.0.0--2.1.0.sql
