Could not find tests for sys.sp_babelfish_grant_usage_to_all
Could not find tests for sys.babel_add_existing_users_to_catalog
Could not find tests for sys.babel_drop_all_users
Could not find tests for remove_babelfish
Could not find tests for sys.spt_columns_view_managed
Could not find tests for sys.sp_columns_managed
Could not find tests for sys.sp_column_privileges_view
Could not find tests for sys.sp_special_columns_view
Could not find tests for sys.sp_special_columns_100
Could not find tests for sys.sp_table_privileges_view
Could not find tests for sys.sp_columns_100_view
Could not find tests for sys.sp_fkeys_view
Could not find tests for sys.sp_stored_procedures_view
Could not find tests for sys.create_xp_qv_in_master_dbo
Could not find tests for sys.sp_statistics_view
Could not find tests for sys.sp_pkeys_view
Could not find tests for sys.sp_helpuser
Could not find tests for babel_coercion_initializer
Could not find tests for babel_datatype_precedence_initializer
Could not find tests for sys.init_server_collation_oid
Could not find tests for sys.babel_collation_initializer
Could not find tests for sys.babel_like_ilike_info_initializer
Could not find tests for sys.pg_namespace_ext
Could not find tests for babel_catalog_initializer
Could not find tests for babel_create_builtin_dbs
Could not find tests for sys.babel_drop_all_dbs
Could not find tests for sys.babel_initialize_logins
Could not find tests for sys.babel_drop_all_logins
Could not find tests for initialize_babelfish
Could not find tests for remove_babelfish
Could not find tests for sys.sp_oledb_ro_usrname
Could not find tests for sys.sp_columns_100_view
Could not find tests for sys.spt_columns_view_managed
Could not find tests for sys.sp_columns_managed
Could not find tests for sys.pg_namespace_ext
Could not find tests for babel_catalog_initializer
Could not find tests for babel_create_builtin_dbs
Could not find tests for sys.babel_drop_all_dbs
Could not find tests for sys.babel_initialize_logins
Could not find tests for sys.babel_drop_all_logins
Could not find tests for initialize_babel_extras
Could not find tests for sys.create_xp_qv_in_master_dbo
Could not find tests for sys.create_xp_instance_regread_in_master_dbo
Could not find tests for initialize_babelfish
Could not find tests for remove_babelfish
Could not find tests for sys.sp_special_columns_view
Could not find tests for sys.init_server_collation_oid
Could not find tests for sys.babel_collation_initializer
Could not find tests for sys.babel_like_ilike_info_initializer
Could not find tests for babelfish_has_perms_by_name_permissions
Could not find tests for babel_coercion_initializer
Could not find tests for babel_datatype_precedence_initializer
Could not find tests for sys.pg_namespace_ext
Could not find tests for babel_catalog_initializer
Could not find tests for babel_create_builtin_dbs
Could not find tests for sys.babel_drop_all_dbs
Could not find tests for sys.babel_initialize_logins
Could not find tests for sys.babel_drop_all_logins
Could not find tests for initialize_babel_extras
Could not find tests for sys.create_xp_qv_in_master_dbo
Could not find tests for sys.create_xp_instance_regread_in_master_dbo
Could not find tests for initialize_babelfish
Could not find tests for remove_babelfish
Could not find tests for sys.shipped_objects_not_in_sys
Could not find tests for sys.all_sql_modules_internal
Could not find tests for sys.sp_oledb_ro_usrname
Could not find tests for sys.sp_columns_100_view
Could not find tests for sys.spt_columns_view_managed
Could not find tests for sys.sp_columns_managed
Could not find tests for sys.sp_pkeys_view
Could not find tests for sys.sp_statistics_view
Could not find tests for sys.printarg
Could not find tests for sys.sp_column_privileges_view
Could not find tests for sys.sp_table_privileges_view
Could not find tests for sys.sp_special_columns_view
Could not find tests for sys.sp_special_columns_100
Could not find tests for sys.sp_fkeys_view
Could not find tests for sys.sp_stored_procedures_view
Could not find tests for sys.sp_helpuser
Could not find tests for sys.sp_helprole
Could not find tests for sys.sp_helprolemember
Could not find tests for sys.sp_sproc_columns_view
Could not find tests for sys.sp_sproc_columns_100
Could not find tests for babel_coercion_initializer
Could not find tests for babel_datatype_precedence_initializer
Could not find tests for sys.sp_oledb_ro_usrname
Could not find tests for sys.sp_columns_100_view
Could not find tests for sys.spt_columns_view_managed
Could not find tests for sys.sp_columns_managed
Could not find tests for sys.sp_pkeys_view
Could not find tests for sys.sp_statistics_view
Could not find tests for sys.printarg
Could not find tests for sys.sp_column_privileges_view
Could not find tests for sys.sp_table_privileges_view
Could not find tests for sys.sp_special_columns_view
Could not find tests for sys.sp_special_columns_100
Could not find tests for sys.sp_fkeys_view
Could not find tests for sys.sp_stored_procedures_view
Could not find tests for sys.sp_helpuser
Could not find tests for sys.sp_helprole
Could not find tests for sys.sp_helprolemember
Could not find tests for sys.sp_sproc_columns_view
Could not find tests for sys.sp_sproc_columns_100
Could not find tests for babelfish_has_perms_by_name_permissions
Could not find tests for sys.init_server_collation_oid
Could not find tests for sys.babel_collation_initializer
Could not find tests for sys.babel_like_ilike_info_initializer
Could not find tests for sys.shipped_objects_not_in_sys
Could not find tests for sys.all_sql_modules_internal
Could not find tests for babelfish_drop_deprecated_view
Could not find tests for sys.sp_special_columns_view
Could not find tests for sys.sp_special_columns_100
Could not find tests for sys.sp_column_privileges_view
Could not find tests for sys.sp_table_privileges_view
Could not find tests for sys.sp_sproc_columns_view
Could not find tests for sys.sp_sproc_columns_100
Could not find tests for remove_babelfish
Could not find tests for babelfish_has_perms_by_name_permissions
Could not find tests for BABEL_CREATE_MSDB_IF_NOT_EXISTS_INTERNAL
Could not find tests for BABEL_CREATE_MSDB_IF_NOT_EXISTS
Could not find tests for sys.sp_helpuser
Could not find tests for sys.sp_helprole
Could not find tests for sys.sp_helprolemember
Could not find tests for sys.sp_special_columns_view
Could not find tests for sys.shipped_objects_not_in_sys
Could not find tests for sys.spt_columns_view_managed
Could not find tests for sys.sp_columns_100_view
Could not find tests for sys.sp_special_columns_view
Could not find tests for sys.all_sql_modules_internal
Could not find tests for sys.create_xp_instance_regread_in_master_dbo
Could not find tests for sys.sp_babelfish_grant_usage_to_all
Could not find tests for sys.babel_add_existing_users_to_catalog
Could not find tests for sys.babel_drop_all_users
Could not find tests for remove_babelfish
Could not find tests for sys.spt_columns_view_managed
Could not find tests for sys.sp_columns_managed
Could not find tests for sys.sp_column_privileges_view
Could not find tests for sys.sp_special_columns_view
Could not find tests for sys.sp_special_columns_100
Could not find tests for sys.sp_table_privileges_view
Could not find tests for sys.sp_columns_100_view
Could not find tests for sys.sp_fkeys_view
Could not find tests for sys.sp_stored_procedures_view
Could not find tests for sys.create_xp_qv_in_master_dbo
Could not find tests for sys.sp_statistics_view
Could not find tests for sys.sp_pkeys_view
Could not find tests for sys.sp_helpuser
Could not find tests for sys.sp_pkeys_view
Could not find tests for sys.sp_statistics_view
Could not find tests for sys.printarg
Could not find tests for babelfish_drop_deprecated_function
Could not find tests for sys.sp_special_columns_view
Could not find tests for babelfish_drop_deprecated_view
Could not find tests for babelfish_drop_deprecated_view
Could not find tests for sys.sp_special_columns_view
Could not find tests for sys.sp_special_columns_100
Could not find tests for sys.sp_column_privileges_view
Could not find tests for sys.sp_table_privileges_view
Could not find tests for sys.sp_sproc_columns_view
Could not find tests for sys.sp_sproc_columns_100
Could not find tests for remove_babelfish
Could not find tests for babelfish_has_perms_by_name_permissions
Could not find tests for BABEL_CREATE_MSDB_IF_NOT_EXISTS_INTERNAL
Could not find tests for BABEL_CREATE_MSDB_IF_NOT_EXISTS
Could not find tests for sys.sp_helpuser
Could not find tests for sys.sp_helprole
Could not find tests for sys.sp_helprolemember
Could not find tests for sys.sp_special_columns_view
Could not find tests for sys.shipped_objects_not_in_sys
Could not find tests for sys.spt_columns_view_managed
Could not find tests for sys.sp_columns_100_view
Could not find tests for sys.sp_special_columns_view
Could not find tests for sys.all_sql_modules_internal
Could not find tests for sys.create_xp_instance_regread_in_master_dbo
